C51 COMPILER V9.51   ONEWIRE                                                               02/15/2025 21:07:13 PAGE 1   


C51 COMPILER V9.51, COMPILATION OF MODULE ONEWIRE
OBJECT MODULE PLACED IN OneWire.obj
COMPILER INVOKED BY: C:\Keil\C51\BIN\C51.EXE Hardware\OneWire.c BROWSE INCDIR(.\Hardware;.\Library;.\System;.\User) DEBU
                    -G OBJECTEXTEND PRINT(.\OneWire.lst) TABS(2) OBJECT(OneWire.obj)

line level    source

   1          #include <REGX51.H>
   2          
   3          //---ds18b20 OneWire-----
   4          sbit OneWire_DQ = P3^7;
   5          
   6          
   7          //ds18b20初始化為先拉高再拉低後，延遲480微秒後，再釋放
   8          unsigned char OneWire_Init(void)
   9          {
  10   1          unsigned char i;
  11   1          unsigned char AckBit;
  12   1          OneWire_DQ = 1;
  13   1          OneWire_DQ = 0;
  14   1          
  15   1          i = 247; while(--i); //delay 500us(480us)
  16   1        
  17   1          OneWire_DQ = 1;
  18   1        
  19   1          i = 32; while(--i); // delay 70us(60~240us)
  20   1          
  21   1          AckBit = OneWire_DQ;
  22   1        
  23   1          i = 247; while(--i); //delay 500us(480us)
  24   1        
  25   1          return AckBit;
  26   1      }
  27          
  28          void OneWire_SendBit(unsigned char Bit)
  29          {
  30   1          unsigned char i;
  31   1      
  32   1          OneWire_DQ = 0;
  33   1          i = 4; while(--i);  // 10u
  34   1          OneWire_DQ = Bit;
  35   1          i = 24; while(--i); // 50u
  36   1          OneWire_DQ = 1;
  37   1      }
  38          
  39          unsigned char OneWire_ReceiveBit(void)
  40          {
  41   1          unsigned char Bit;
  42   1          unsigned char i;
  43   1      
  44   1          OneWire_DQ = 0;
  45   1          i = 2; while(--i);  // 5u
  46   1          OneWire_DQ = 1;
  47   1          i = 2; while(--i);  // 5u
  48   1          Bit = OneWire_DQ;
  49   1          i = 24; while(--i); // 50u
  50   1      
  51   1          return Bit;
  52   1      }
  53          
  54          void OneWire_SendByte(unsigned char Byte)
C51 COMPILER V9.51   ONEWIRE                                                               02/15/2025 21:07:13 PAGE 2   

  55          {
  56   1          unsigned char i;
  57   1          for(i = 0 ; i < 8 ; i ++)
  58   1          {
  59   2              OneWire_SendBit(Byte & (0x01 << i));//低位先行
  60   2          }
  61   1      }
  62          
  63          unsigned char OneWire_ReceiveByte(void)
  64          {
  65   1          unsigned char i;
  66   1          unsigned char Byte = 0x00;
  67   1          for(i = 0 ; i < 8 ; i ++)
  68   1          {
  69   2              if(OneWire_ReceiveBit())
  70   2              {
  71   3                  Byte |= 0x01 << i;
  72   3              }
  73   2          }
  74   1          return Byte;
  75   1      }


MODULE INFORMATION:   STATIC OVERLAYABLE
   CODE SIZE        =    122    ----
   CONSTANT SIZE    =   ----    ----
   XDATA SIZE       =   ----    ----
   PDATA SIZE       =   ----    ----
   DATA SIZE        =   ----    ----
   IDATA SIZE       =   ----    ----
   BIT SIZE         =   ----    ----
END OF MODULE INFORMATION.


C51 COMPILATION COMPLETE.  0 WARNING(S),  0 ERROR(S)
